---
# generated by virt-v2v
apiVersion: kubevirt.io/v1
kind: VirtualMachineInstance
metadata:
  name: test
spec:
  domain:
    os:
      firmware: bios
    resources:
      clock:
        timer:
          hpet:
            present: false
          hyperv: {}
          pit:
            tickPolicy: delay
          rtc:
            tickPolicy: catchup
        utc: {}
      requests:
        memory: 1024Mi
      features:
    cpu:
      cores: 1
    devices:
      interfaces:
      - name: net_default
        masquerade: {}
        macAddress: 00:11:22:33:44:55
        model: virtio
  networks:
  - networkName: default
    name: net_default
  terminationGracePeriodSeconds: 0
