    <disk type='file' device='disk' model='virtio-transitional'>
      <driver name='qemu' type='raw'/>
      <target dev='vda' bus='virtio'/>
    </disk>
    <disk device='floppy' type='file'>
      <driver name='qemu' type='raw'/>
      <target dev='fda'/>
    </disk>
