---
# generated by virt-v2v
apiVersion: kubevirt.io/v1
kind: VirtualMachineInstance
metadata:
  name: test
spec:
  domain:
    os:
      firmware: bios
    resources:
      requests:
        memory: 1024Mi
      features:
    cpu:
      cores: 1
    devices:
      disks:
      - disk:
          bus: virtio
        name: disk-0
  volumes:
  - hostDisk:
      path: test-sda
      type: Disk
    name: disk-0
  terminationGracePeriodSeconds: 0
